// Jest Snapshot v1, https://goo.gl/fbAQLP

exports[`ConnectionList render items 1`] = `
<
  color="#fff"
>
  test
</>
`;
